C:\xampp\htdocs\php_mvc\framework\core\..\..\application\controller\controller.php  [2016-12-01 11:06:07]
C:\xampp\htdocs\php_mvc\framework\core\..\..\application\controller\errorhandlercontroller.php  [2016-12-01 11:06:07]
C:\xampp\htdocs\php_mvc\framework\core\..\..\application\controller\path2controller.php  [2016-12-01 11:06:07]
C:\xampp\htdocs\php_mvc\framework\core\..\..\application\controller\path3controller.php  [2016-12-01 11:06:07]
C:\xampp\htdocs\php_mvc\framework\core\..\..\application\controller\controller.php  [2016-12-01 11:06:07]
C:\xampp\htdocs\php_mvc\framework\core\..\..\application\controller\.controller.php  [2016-12-01 11:06:57]
C:\xampp\htdocs\php_mvc\framework\core\..\..\application\controller\errorhandler.controller.php  [2016-12-01 11:06:57]
